// Jest Snapshot v1, https://goo.gl/fbAQLP

exports[`<BallSpinFadeLoader> BallSpinFadeLoader should match snapshot 1`] = `
@keyframes animation-0 {
  100% {
    opacity: 1;
    -webkit-transform: scale(1);
    -moz-transform: scale(1);
    -ms-transform: scale(1);
    transform: scale(1);
  }

  50% {
    opacity: 0.3;
    -webkit-transform: scale(0.4);
    -moz-transform: scale(0.4);
    -ms-transform: scale(0.4);
    transform: scale(0.4);
  }
}

@keyframes animation-0 {
  100% {
    opacity: 1;
    -webkit-transform: scale(1);
    -moz-transform: scale(1);
    -ms-transform: scale(1);
    transform: scale(1);
  }

  50% {
    opacity: 0.3;
    -webkit-transform: scale(0.4);
    -moz-transform: scale(0.4);
    -ms-transform: scale(0.4);
    transform: scale(0.4);
  }
}

@keyframes animation-0 {
  100% {
    opacity: 1;
    -webkit-transform: scale(1);
    -moz-transform: scale(1);
    -ms-transform: scale(1);
    transform: scale(1);
  }

  50% {
    opacity: 0.3;
    -webkit-transform: scale(0.4);
    -moz-transform: scale(0.4);
    -ms-transform: scale(0.4);
    transform: scale(0.4);
  }
}

@keyframes animation-0 {
  100% {
    opacity: 1;
    -webkit-transform: scale(1);
    -moz-transform: scale(1);
    -ms-transform: scale(1);
    transform: scale(1);
  }

  50% {
    opacity: 0.3;
    -webkit-transform: scale(0.4);
    -moz-transform: scale(0.4);
    -ms-transform: scale(0.4);
    transform: scale(0.4);
  }
}

@keyframes animation-0 {
  100% {
    opacity: 1;
    -webkit-transform: scale(1);
    -moz-transform: scale(1);
    -ms-transform: scale(1);
    transform: scale(1);
  }

  50% {
    opacity: 0.3;
    -webkit-transform: scale(0.4);
    -moz-transform: scale(0.4);
    -ms-transform: scale(0.4);
    transform: scale(0.4);
  }
}

@keyframes animation-0 {
  100% {
    opacity: 1;
    -webkit-transform: scale(1);
    -moz-transform: scale(1);
    -ms-transform: scale(1);
    transform: scale(1);
  }

  50% {
    opacity: 0.3;
    -webkit-transform: scale(0.4);
    -moz-transform: scale(0.4);
    -ms-transform: scale(0.4);
    transform: scale(0.4);
  }
}

@keyframes animation-0 {
  100% {
    opacity: 1;
    -webkit-transform: scale(1);
    -moz-transform: scale(1);
    -ms-transform: scale(1);
    transform: scale(1);
  }

  50% {
    opacity: 0.3;
    -webkit-transform: scale(0.4);
    -moz-transform: scale(0.4);
    -ms-transform: scale(0.4);
    transform: scale(0.4);
  }
}

@keyframes animation-0 {
  100% {
    opacity: 1;
    -webkit-transform: scale(1);
    -moz-transform: scale(1);
    -ms-transform: scale(1);
    transform: scale(1);
  }

  50% {
    opacity: 0.3;
    -webkit-transform: scale(0.4);
    -moz-transform: scale(0.4);
    -ms-transform: scale(0.4);
    transform: scale(0.4);
  }
}

.emotion-0 {
  left: -10px;
  position: relative;
  top: -10px;
}

.emotion-0>div:nth-of-type(1) {
  -webkit-animation: animation-0 1s -0.96s infinite linear;
  animation: animation-0 1s -0.96s infinite linear;
  left: 0;
  top: 25px;
}

.emotion-0>div:nth-of-type(2) {
  -webkit-animation: animation-0 1s -0.84s infinite linear;
  animation: animation-0 1s -0.84s infinite linear;
  left: 17.045454545454547px;
  top: 17.045454545454547px;
}

.emotion-0>div:nth-of-type(3) {
  -webkit-animation: animation-0 1s -0.72s infinite linear;
  animation: animation-0 1s -0.72s infinite linear;
  left: 25px;
  top: 0;
}

.emotion-0>div:nth-of-type(4) {
  -webkit-animation: animation-0 1s -0.60s infinite linear;
  animation: animation-0 1s -0.60s infinite linear;
  left: 17.045454545454547px;
  top: -17.045454545454547px;
}

.emotion-0>div:nth-of-type(5) {
  -webkit-animation: animation-0 1s -0.48s infinite linear;
  animation: animation-0 1s -0.48s infinite linear;
  left: 0;
  top: -25px;
}

.emotion-0>div:nth-of-type(6) {
  -webkit-animation: animation-0 1s -0.36s infinite linear;
  animation: animation-0 1s -0.36s infinite linear;
  left: -17.045454545454547px;
  top: -17.045454545454547px;
}

.emotion-0>div:nth-of-type(7) {
  -webkit-animation: animation-0 1s -0.24s infinite linear;
  animation: animation-0 1s -0.24s infinite linear;
  left: -25px;
  top: 0;
}

.emotion-0>div:nth-of-type(8) {
  -webkit-animation: animation-0 1s -0.12s infinite linear;
  animation: animation-0 1s -0.12s infinite linear;
  left: -17.045454545454547px;
  top: 17.045454545454547px;
}

.emotion-0>div {
  border-radius: 100%;
  height: 15px;
  margin: 2px;
  width: 15px;
  background-color: #ffffff;
  -webkit-animation-fill-mode: both;
  animation-fill-mode: both;
  position: absolute;
}

<div
  class="emotion-0"
>
  <div />
  <div />
  <div />
  <div />
  <div />
  <div />
  <div />
  <div />
</div>
`;
