// Jest Snapshot v1, https://goo.gl/fbAQLP

exports[`<LineScaleRandom> LineScaleRandom should match snapshot 1`] = `
.emotion-0 > div:nth-of-type(1) {
  -webkit-animation-delay: 0.3s;
  animation-delay: 0.3s;
  -webkit-animation-duration: 0.8s;
  animation-duration: 0.8s;
}

.emotion-0 > div:nth-of-type(2) {
  -webkit-animation-delay: 0.3s;
  animation-delay: 0.3s;
  -webkit-animation-duration: 0.8s;
  animation-duration: 0.8s;
}

.emotion-0 > div:nth-of-type(3) {
  -webkit-animation-delay: 0.3s;
  animation-delay: 0.3s;
  -webkit-animation-duration: 0.8s;
  animation-duration: 0.8s;
}

.emotion-0 > div:nth-of-type(4) {
  -webkit-animation-delay: 0.3s;
  animation-delay: 0.3s;
  -webkit-animation-duration: 0.8s;
  animation-duration: 0.8s;
}

.emotion-0 > div {
  border-radius: 2px;
  height: 35px;
  margin: 2px;
  width: 4px;
  background-color: #ffffff;
  -webkit-animation-fill-mode: both;
  animation-fill-mode: both;
  -webkit-animation-delay: 0;
  animation-delay: 0;
  -webkit-animation-iteration-count: infinite;
  animation-iteration-count: infinite;
  display: inline-block;
}

<div
  class="emotion-0"
>
  <div />
  <div />
  <div />
  <div />
</div>
`;
